[2026-05-06 23:30:49.340] session start (20260506_233049)
[2026-05-06 23:30:49.478] CAN open: SYS TEC dev=0 ch=0 500 kbps
[2026-05-06 23:30:49.478] keepalive plan: GTW=False EPB=True 30MPH=False
[2026-05-06 23:30:49.539] EAC: INHIBITED -> AVAILABLE (err=OUT_OF_RANGE)
[2026-05-06 23:31:01.619] 30 MPH MODE on
[2026-05-06 23:31:01.663] EAC: AVAILABLE -> INHIBITED (err=OUT_OF_RANGE)
[2026-05-06 23:31:44.864] EAC: INHIBITED -> AVAILABLE (err=OUT_OF_RANGE)
[2026-05-06 23:31:44.904] EAC: AVAILABLE -> INHIBITED (err=OUT_OF_RANGE)
[2026-05-06 23:31:45.144] EAC: INHIBITED -> AVAILABLE (err=OUT_OF_RANGE)
[2026-05-06 23:31:45.184] EAC: AVAILABLE -> INHIBITED (err=OUT_OF_RANGE)
[2026-05-06 23:31:45.424] EAC: INHIBITED -> AVAILABLE (err=OUT_OF_RANGE)
[2026-05-06 23:31:45.464] EAC: AVAILABLE -> INHIBITED (err=OUT_OF_RANGE)
[2026-05-06 23:31:45.704] EAC: INHIBITED -> AVAILABLE (err=OUT_OF_RANGE)
[2026-05-06 23:31:45.744] EAC: AVAILABLE -> INHIBITED (err=OUT_OF_RANGE)
[2026-05-06 23:31:45.984] EAC: INHIBITED -> AVAILABLE (err=OUT_OF_RANGE)
[2026-05-06 23:31:46.024] EAC: AVAILABLE -> INHIBITED (err=OUT_OF_RANGE)
[2026-05-06 23:31:46.944] EAC: INHIBITED -> AVAILABLE (err=OUT_OF_RANGE)
[2026-05-06 23:31:46.984] EAC: AVAILABLE -> INHIBITED (err=OUT_OF_RANGE)
[2026-05-06 23:31:47.064] EAC: INHIBITED -> AVAILABLE (err=OUT_OF_RANGE)
[2026-05-06 23:31:47.104] EAC: AVAILABLE -> INHIBITED (err=OUT_OF_RANGE)
[2026-05-06 23:31:47.464] EAC: INHIBITED -> AVAILABLE (err=OUT_OF_RANGE)
[2026-05-06 23:31:47.500] EAC: AVAILABLE -> INHIBITED (err=OUT_OF_RANGE)
[2026-05-06 23:31:56.423] EAC: INHIBITED -> AVAILABLE (err=OUT_OF_RANGE)
[2026-05-06 23:31:56.463] EAC: AVAILABLE -> INHIBITED (err=OUT_OF_RANGE)
[2026-05-06 23:31:56.703] EAC: INHIBITED -> AVAILABLE (err=OUT_OF_RANGE)
[2026-05-06 23:31:56.743] EAC: AVAILABLE -> INHIBITED (err=OUT_OF_RANGE)
[2026-05-06 23:31:56.983] EAC: INHIBITED -> AVAILABLE (err=OUT_OF_RANGE)
[2026-05-06 23:31:57.023] EAC: AVAILABLE -> INHIBITED (err=OUT_OF_RANGE)
[2026-05-06 23:31:57.223] EAC: INHIBITED -> AVAILABLE (err=OUT_OF_RANGE)
[2026-05-06 23:31:57.303] EAC: AVAILABLE -> INHIBITED (err=OUT_OF_RANGE)
[2026-05-06 23:31:57.343] EAC: INHIBITED -> AVAILABLE (err=OUT_OF_RANGE)
[2026-05-06 23:31:57.383] EAC: AVAILABLE -> INHIBITED (err=OUT_OF_RANGE)
[2026-05-06 23:31:57.623] EAC: INHIBITED -> AVAILABLE (err=OUT_OF_RANGE)
[2026-05-06 23:31:57.743] EAC: AVAILABLE -> INHIBITED (err=OUT_OF_RANGE)
[2026-05-06 23:31:57.783] EAC: INHIBITED -> AVAILABLE (err=OUT_OF_RANGE)
[2026-05-06 23:31:57.823] EAC: AVAILABLE -> INHIBITED (err=OUT_OF_RANGE)
[2026-05-06 23:31:57.863] EAC: INHIBITED -> AVAILABLE (err=OUT_OF_RANGE)
[2026-05-06 23:31:57.903] EAC: AVAILABLE -> INHIBITED (err=OUT_OF_RANGE)
[2026-05-06 23:31:57.983] EAC: INHIBITED -> AVAILABLE (err=OUT_OF_RANGE)
[2026-05-06 23:31:58.103] EAC: AVAILABLE -> INHIBITED (err=OUT_OF_RANGE)
[2026-05-06 23:31:58.143] EAC: INHIBITED -> AVAILABLE (err=OUT_OF_RANGE)
[2026-05-06 23:31:58.224] EAC: AVAILABLE -> INHIBITED (err=OUT_OF_RANGE)
[2026-05-06 23:31:58.263] EAC: INHIBITED -> AVAILABLE (err=OUT_OF_RANGE)
[2026-05-06 23:31:58.383] EAC: AVAILABLE -> INHIBITED (err=OUT_OF_RANGE)
[2026-05-06 23:31:58.424] EAC: INHIBITED -> AVAILABLE (err=OUT_OF_RANGE)
[2026-05-06 23:31:59.704] EAC: AVAILABLE -> INHIBITED (err=OUT_OF_RANGE)
[2026-05-06 23:31:59.744] EAC: INHIBITED -> AVAILABLE (err=OUT_OF_RANGE)
[2026-05-06 23:32:02.705] EAC: AVAILABLE -> INHIBITED (err=OUT_OF_RANGE)
[2026-05-06 23:32:02.745] EAC: INHIBITED -> AVAILABLE (err=OUT_OF_RANGE)
[2026-05-06 23:32:02.865] EAC: AVAILABLE -> INHIBITED (err=OUT_OF_RANGE)
[2026-05-06 23:32:02.905] EAC: INHIBITED -> AVAILABLE (err=OUT_OF_RANGE)
[2026-05-06 23:32:03.301] EAC: AVAILABLE -> INHIBITED (err=OUT_OF_RANGE)
[2026-05-06 23:32:03.341] EAC: INHIBITED -> AVAILABLE (err=OUT_OF_RANGE)
[2026-05-06 23:32:03.662] EAC: AVAILABLE -> INHIBITED (err=OUT_OF_RANGE)
[2026-05-06 23:32:03.742] EAC: INHIBITED -> AVAILABLE (err=OUT_OF_RANGE)
[2026-05-06 23:32:03.862] EAC: AVAILABLE -> INHIBITED (err=OUT_OF_RANGE)
[2026-05-06 23:32:03.901] EAC: INHIBITED -> AVAILABLE (err=OUT_OF_RANGE)
[2026-05-06 23:32:04.301] EAC: AVAILABLE -> INHIBITED (err=OUT_OF_RANGE)
[2026-05-06 23:32:04.382] EAC: INHIBITED -> AVAILABLE (err=OUT_OF_RANGE)
[2026-05-06 23:32:04.422] EAC: AVAILABLE -> INHIBITED (err=OUT_OF_RANGE)
[2026-05-06 23:32:04.501] EAC: INHIBITED -> AVAILABLE (err=OUT_OF_RANGE)
[2026-05-06 23:32:04.542] EAC: AVAILABLE -> INHIBITED (err=OUT_OF_RANGE)
[2026-05-06 23:32:10.102] EAC: INHIBITED -> AVAILABLE (err=OUT_OF_RANGE)
[2026-05-06 23:32:10.142] EAC: AVAILABLE -> INHIBITED (err=OUT_OF_RANGE)
[2026-05-06 23:32:10.383] EAC: INHIBITED -> AVAILABLE (err=OUT_OF_RANGE)
[2026-05-06 23:32:10.423] EAC: AVAILABLE -> INHIBITED (err=OUT_OF_RANGE)
[2026-05-06 23:32:10.503] EAC: INHIBITED -> AVAILABLE (err=OUT_OF_RANGE)
[2026-05-06 23:32:10.542] EAC: AVAILABLE -> INHIBITED (err=OUT_OF_RANGE)
[2026-05-06 23:32:10.663] EAC: INHIBITED -> AVAILABLE (err=OUT_OF_RANGE)
[2026-05-06 23:32:10.703] EAC: AVAILABLE -> INHIBITED (err=OUT_OF_RANGE)
[2026-05-06 23:32:10.863] EAC: INHIBITED -> AVAILABLE (err=OUT_OF_RANGE)
[2026-05-06 23:32:10.903] EAC: AVAILABLE -> INHIBITED (err=OUT_OF_RANGE)
[2026-05-06 23:32:10.943] EAC: INHIBITED -> AVAILABLE (err=OUT_OF_RANGE)
[2026-05-06 23:32:10.983] EAC: AVAILABLE -> INHIBITED (err=OUT_OF_RANGE)
[2026-05-06 23:32:11.023] EAC: INHIBITED -> AVAILABLE (err=OUT_OF_RANGE)
[2026-05-06 23:32:11.063] EAC: AVAILABLE -> INHIBITED (err=OUT_OF_RANGE)
[2026-05-06 23:32:11.103] EAC: INHIBITED -> AVAILABLE (err=OUT_OF_RANGE)
[2026-05-06 23:32:11.183] EAC: AVAILABLE -> INHIBITED (err=OUT_OF_RANGE)
[2026-05-06 23:32:11.223] EAC: INHIBITED -> AVAILABLE (err=OUT_OF_RANGE)
[2026-05-06 23:32:11.263] EAC: AVAILABLE -> INHIBITED (err=OUT_OF_RANGE)
[2026-05-06 23:32:11.303] EAC: INHIBITED -> AVAILABLE (err=OUT_OF_RANGE)
[2026-05-06 23:32:11.823] EAC: AVAILABLE -> INHIBITED (err=OUT_OF_RANGE)
[2026-05-06 23:32:11.863] EAC: INHIBITED -> AVAILABLE (err=OUT_OF_RANGE)
[2026-05-06 23:32:12.063] EAC: AVAILABLE -> INHIBITED (err=OUT_OF_RANGE)
[2026-05-06 23:32:12.103] EAC: INHIBITED -> AVAILABLE (err=OUT_OF_RANGE)
[2026-05-06 23:32:12.343] EAC: AVAILABLE -> INHIBITED (err=OUT_OF_RANGE)
[2026-05-06 23:32:12.383] EAC: INHIBITED -> AVAILABLE (err=OUT_OF_RANGE)
[2026-05-06 23:32:16.785] EAC: AVAILABLE -> INHIBITED (err=OUT_OF_RANGE)
[2026-05-06 23:32:16.825] EAC: INHIBITED -> AVAILABLE (err=OUT_OF_RANGE)
[2026-05-06 23:32:16.906] EAC: AVAILABLE -> INHIBITED (err=OUT_OF_RANGE)
[2026-05-06 23:32:16.945] EAC: INHIBITED -> AVAILABLE (err=OUT_OF_RANGE)
[2026-05-06 23:32:16.985] EAC: AVAILABLE -> INHIBITED (err=OUT_OF_RANGE)
[2026-05-06 23:32:17.025] EAC: INHIBITED -> AVAILABLE (err=OUT_OF_RANGE)
[2026-05-06 23:32:17.105] EAC: AVAILABLE -> INHIBITED (err=OUT_OF_RANGE)
[2026-05-06 23:32:17.145] EAC: INHIBITED -> AVAILABLE (err=OUT_OF_RANGE)
[2026-05-06 23:32:17.185] EAC: AVAILABLE -> INHIBITED (err=OUT_OF_RANGE)
[2026-05-06 23:32:17.225] EAC: INHIBITED -> AVAILABLE (err=OUT_OF_RANGE)
[2026-05-06 23:32:17.385] EAC: AVAILABLE -> INHIBITED (err=OUT_OF_RANGE)
[2026-05-06 23:32:17.425] EAC: INHIBITED -> AVAILABLE (err=OUT_OF_RANGE)
[2026-05-06 23:32:17.585] EAC: AVAILABLE -> INHIBITED (err=OUT_OF_RANGE)
[2026-05-06 23:32:17.625] EAC: INHIBITED -> AVAILABLE (err=OUT_OF_RANGE)
[2026-05-06 23:32:17.905] EAC: AVAILABLE -> INHIBITED (err=OUT_OF_RANGE)
[2026-05-06 23:32:17.946] EAC: INHIBITED -> AVAILABLE (err=OUT_OF_RANGE)
[2026-05-06 23:32:17.985] EAC: AVAILABLE -> INHIBITED (err=OUT_OF_RANGE)
[2026-05-06 23:32:18.026] EAC: INHIBITED -> AVAILABLE (err=OUT_OF_RANGE)
[2026-05-06 23:32:18.186] EAC: AVAILABLE -> INHIBITED (err=OUT_OF_RANGE)
[2026-05-06 23:32:18.226] EAC: INHIBITED -> AVAILABLE (err=OUT_OF_RANGE)
[2026-05-06 23:32:18.266] EAC: AVAILABLE -> INHIBITED (err=OUT_OF_RANGE)
[2026-05-06 23:32:18.346] EAC: INHIBITED -> AVAILABLE (err=OUT_OF_RANGE)
[2026-05-06 23:32:18.386] EAC: AVAILABLE -> INHIBITED (err=OUT_OF_RANGE)
[2026-05-06 23:32:18.426] EAC: INHIBITED -> AVAILABLE (err=OUT_OF_RANGE)
[2026-05-06 23:32:18.466] EAC: AVAILABLE -> INHIBITED (err=OUT_OF_RANGE)
[2026-05-06 23:32:18.546] EAC: INHIBITED -> AVAILABLE (err=OUT_OF_RANGE)
[2026-05-06 23:32:18.586] EAC: AVAILABLE -> INHIBITED (err=OUT_OF_RANGE)
[2026-05-06 23:32:18.626] EAC: INHIBITED -> AVAILABLE (err=OUT_OF_RANGE)
[2026-05-06 23:32:18.706] EAC: AVAILABLE -> INHIBITED (err=OUT_OF_RANGE)
[2026-05-06 23:32:18.786] EAC: INHIBITED -> AVAILABLE (err=OUT_OF_RANGE)
[2026-05-06 23:32:18.906] EAC: AVAILABLE -> INHIBITED (err=OUT_OF_RANGE)
[2026-05-06 23:32:19.066] EAC: INHIBITED -> AVAILABLE (err=OUT_OF_RANGE)
[2026-05-06 23:32:19.106] EAC: AVAILABLE -> INHIBITED (err=OUT_OF_RANGE)
[2026-05-06 23:32:21.382] EAC: INHIBITED -> AVAILABLE (err=OUT_OF_RANGE)
[2026-05-06 23:32:21.422] EAC: AVAILABLE -> INHIBITED (err=OUT_OF_RANGE)
[2026-05-06 23:32:22.783] EAC: INHIBITED -> AVAILABLE (err=OUT_OF_RANGE)
[2026-05-06 23:32:33.706] EAC: AVAILABLE -> INHIBITED (err=OUT_OF_RANGE)
[2026-05-06 23:32:33.746] EAC: INHIBITED -> AVAILABLE (err=OUT_OF_RANGE)
[2026-05-06 23:32:34.546] EAC: AVAILABLE -> INHIBITED (err=OUT_OF_RANGE)
[2026-05-06 23:32:34.586] EAC: INHIBITED -> AVAILABLE (err=OUT_OF_RANGE)
[2026-05-06 23:32:34.666] EAC: AVAILABLE -> INHIBITED (err=OUT_OF_RANGE)
[2026-05-06 23:32:34.746] EAC: INHIBITED -> AVAILABLE (err=OUT_OF_RANGE)
[2026-05-06 23:32:35.026] EAC: AVAILABLE -> INHIBITED (err=OUT_OF_RANGE)
[2026-05-06 23:32:35.146] EAC: INHIBITED -> AVAILABLE (err=OUT_OF_RANGE)
[2026-05-06 23:32:35.186] EAC: AVAILABLE -> INHIBITED (err=OUT_OF_RANGE)
[2026-05-06 23:32:35.226] EAC: INHIBITED -> AVAILABLE (err=OUT_OF_RANGE)
[2026-05-06 23:32:35.346] EAC: AVAILABLE -> INHIBITED (err=OUT_OF_RANGE)
[2026-05-06 23:32:35.787] EAC: INHIBITED -> AVAILABLE (err=OUT_OF_RANGE)
[2026-05-06 23:32:35.826] EAC: AVAILABLE -> INHIBITED (err=OUT_OF_RANGE)
[2026-05-06 23:32:36.267] EAC: INHIBITED -> AVAILABLE (err=OUT_OF_RANGE)
[2026-05-06 23:32:36.307] EAC: AVAILABLE -> INHIBITED (err=OUT_OF_RANGE)
[2026-05-06 23:32:36.707] EAC: INHIBITED -> AVAILABLE (err=OUT_OF_RANGE)
[2026-05-06 23:32:36.747] EAC: AVAILABLE -> INHIBITED (err=OUT_OF_RANGE)
[2026-05-06 23:32:37.098] 30 MPH MODE off
[2026-05-06 23:32:37.153] EAC: INHIBITED -> AVAILABLE (err=OUT_OF_RANGE)
[2026-05-06 23:47:46.179] EAC: AVAILABLE -> INHIBITED (err=OUT_OF_RANGE)
[2026-05-06 23:47:48.500] E-STOP: no 0x370 for 520 ms
[2026-05-06 23:49:40.506] CAN closed
[2026-05-06 23:49:40.506] disconnect; closing log
