[2026-05-07 00:51:48.329] session start (20260507_005148)
[2026-05-07 00:51:48.541] CAN open: SYS TEC dev=0 ch=0 500 kbps
[2026-05-07 00:51:48.542] keepalive plan: GTW=False EPB=True 30MPH=False
[2026-05-07 00:52:39.814] gear: SNA -> P
[2026-05-07 00:52:39.844] EAC: INHIBITED -> SNA (err=NONE)
[2026-05-07 00:52:39.874] brake: PRESSED
[2026-05-07 00:52:39.917] brake: released
[2026-05-07 00:52:40.053] brake: PRESSED
[2026-05-07 00:52:40.244] brake: released
[2026-05-07 00:52:40.333] EAC: INHIBITED -> AVAILABLE (err=NONE)
[2026-05-07 00:52:47.134] brake: PRESSED
[2026-05-07 00:52:49.709] shift requested: P
[2026-05-07 00:52:49.715] SHIFT: requesting P via 0x6D burst
[2026-05-07 00:52:50.077] SHIFT post-burst gear: P
[2026-05-07 00:52:50.107] EAC: AVAILABLE -> INHIBITED (err=OUT_OF_RANGE)
[2026-05-07 00:52:50.107] err -> OUT_OF_RANGE
[2026-05-07 00:52:50.169] EAC: INHIBITED -> AVAILABLE (err=OUT_OF_RANGE)
[2026-05-07 00:53:23.505] shift requested: N
[2026-05-07 00:53:23.514] SHIFT: requesting N via 0x6D burst
[2026-05-07 00:53:23.872] SHIFT post-burst gear: P
[2026-05-07 00:53:23.878] EAC: AVAILABLE -> INHIBITED (err=OUT_OF_RANGE)
[2026-05-07 00:53:23.933] EAC: INHIBITED -> AVAILABLE (err=OUT_OF_RANGE)
[2026-05-07 00:53:39.384] shift requested: D
[2026-05-07 00:53:39.401] SHIFT: requesting D via 0x6D burst
[2026-05-07 00:53:39.762] SHIFT post-burst gear: P
[2026-05-07 00:53:39.781] EAC: AVAILABLE -> INHIBITED (err=OUT_OF_RANGE)
[2026-05-07 00:53:39.847] EAC: INHIBITED -> AVAILABLE (err=OUT_OF_RANGE)
[2026-05-07 00:53:41.727] gear: P -> N
[2026-05-07 00:53:41.907] gear: N -> D
[2026-05-07 00:53:42.005] shift requested: N
[2026-05-07 00:53:42.008] SHIFT: requesting N via 0x6D burst
[2026-05-07 00:53:42.367] SHIFT post-burst gear: D
[2026-05-07 00:53:42.391] EAC: AVAILABLE -> INHIBITED (err=OUT_OF_RANGE)
[2026-05-07 00:53:42.453] EAC: INHIBITED -> AVAILABLE (err=OUT_OF_RANGE)
[2026-05-07 00:53:46.093] gear: D -> N
[2026-05-07 00:53:47.213] gear: N -> R
[2026-05-07 00:53:48.969] gear: R -> P
[2026-05-07 00:53:57.536] shift requested: R
[2026-05-07 00:53:57.537] SHIFT: requesting R via 0x6D burst
[2026-05-07 00:53:57.900] SHIFT post-burst gear: P
[2026-05-07 00:53:57.907] EAC: AVAILABLE -> INHIBITED (err=OUT_OF_RANGE)
[2026-05-07 00:53:57.961] EAC: INHIBITED -> AVAILABLE (err=OUT_OF_RANGE)
[2026-05-07 00:54:01.202] shift requested: N
[2026-05-07 00:54:01.202] SHIFT: requesting N via 0x6D burst
[2026-05-07 00:54:01.563] SHIFT post-burst gear: P
[2026-05-07 00:54:01.587] EAC: AVAILABLE -> INHIBITED (err=OUT_OF_RANGE)
[2026-05-07 00:54:01.636] EAC: INHIBITED -> AVAILABLE (err=OUT_OF_RANGE)
[2026-05-07 00:54:02.713] shift requested: D
[2026-05-07 00:54:02.717] SHIFT: requesting D via 0x6D burst
[2026-05-07 00:54:03.077] SHIFT post-burst gear: P
[2026-05-07 00:54:03.084] EAC: AVAILABLE -> INHIBITED (err=OUT_OF_RANGE)
[2026-05-07 00:54:03.158] EAC: INHIBITED -> AVAILABLE (err=OUT_OF_RANGE)
[2026-05-07 00:54:06.661] shift requested: P
[2026-05-07 00:54:06.663] SHIFT: requesting P via 0x6D burst
[2026-05-07 00:54:07.021] SHIFT post-burst gear: P
[2026-05-07 00:54:07.029] EAC: AVAILABLE -> INHIBITED (err=OUT_OF_RANGE)
[2026-05-07 00:54:07.082] EAC: INHIBITED -> AVAILABLE (err=OUT_OF_RANGE)
[2026-05-07 00:54:20.548] brake: released
[2026-05-07 00:54:51.588] snapshot: saving as 'test_005411'
[2026-05-07 00:54:59.483] E-STOP: disconnect requested
[2026-05-07 00:54:59.495] CAN closed
[2026-05-07 00:54:59.496] disconnect; closing log
