[2026-05-07 00:24:25.042] session start (20260507_002425)
[2026-05-07 00:24:25.206] CAN open: SYS TEC dev=0 ch=0 500 kbps
[2026-05-07 00:24:25.206] keepalive plan: GTW=False EPB=True 30MPH=False
[2026-05-07 00:25:52.339] gear: SNA -> P
[2026-05-07 00:25:52.360] EAC: INHIBITED -> SNA (err=NONE)
[2026-05-07 00:25:52.640] brake: PRESSED
[2026-05-07 00:25:52.840] EAC: INHIBITED -> AVAILABLE (err=NONE)
[2026-05-07 00:25:53.800] brake: released
[2026-05-07 00:26:38.806] EAC: AVAILABLE -> ACTIVE (err=NONE)
[2026-05-07 00:30:35.455] brake: PRESSED
[2026-05-07 00:30:35.795] brake: released
[2026-05-07 00:30:35.967] brake: PRESSED
[2026-05-07 00:31:12.960] brake: released
[2026-05-07 00:31:15.567] EAC: ACTIVE -> AVAILABLE (err=NONE)
[2026-05-07 00:31:15.967] brake: PRESSED
[2026-05-07 00:31:19.552] shift requested: P
[2026-05-07 00:31:19.562] SHIFT: requesting P via 0x6D burst
[2026-05-07 00:31:19.921] SHIFT post-burst gear: P
[2026-05-07 00:31:19.937] EAC: AVAILABLE -> INHIBITED (err=OUT_OF_RANGE)
[2026-05-07 00:31:19.938] err -> OUT_OF_RANGE
[2026-05-07 00:31:19.945] E-STOP: loop overrun 361 ms
[2026-05-07 00:31:58.178] CAN closed
[2026-05-07 00:31:58.179] disconnect; closing log
