[2026-05-06 23:24:57.331] session start (20260506_232457)
[2026-05-06 23:24:57.542] CAN open: SYS TEC dev=0 ch=0 500 kbps
[2026-05-06 23:24:57.542] keepalive plan: GTW=False EPB=True 30MPH=False
[2026-05-06 23:24:57.543] err -> OUT_OF_RANGE
[2026-05-06 23:24:57.603] EAC: INHIBITED -> AVAILABLE (err=OUT_OF_RANGE)
[2026-05-06 23:25:00.885] EAC: AVAILABLE -> ACTIVE (err=NONE)
[2026-05-06 23:27:47.186] EAC: ACTIVE -> AVAILABLE (err=NONE)
[2026-05-06 23:27:48.399] 30 MPH MODE on
[2026-05-06 23:27:48.452] EAC: AVAILABLE -> INHIBITED (err=OUT_OF_RANGE)
[2026-05-06 23:27:48.452] err -> OUT_OF_RANGE
[2026-05-06 23:28:11.374] EAC: INHIBITED -> AVAILABLE (err=OUT_OF_RANGE)
[2026-05-06 23:28:11.414] EAC: AVAILABLE -> INHIBITED (err=OUT_OF_RANGE)
[2026-05-06 23:28:11.494] EAC: INHIBITED -> AVAILABLE (err=OUT_OF_RANGE)
[2026-05-06 23:28:11.535] EAC: AVAILABLE -> INHIBITED (err=OUT_OF_RANGE)
[2026-05-06 23:28:11.614] EAC: INHIBITED -> AVAILABLE (err=OUT_OF_RANGE)
[2026-05-06 23:28:11.654] EAC: AVAILABLE -> INHIBITED (err=OUT_OF_RANGE)
[2026-05-06 23:28:11.855] EAC: INHIBITED -> AVAILABLE (err=OUT_OF_RANGE)
[2026-05-06 23:28:11.894] EAC: AVAILABLE -> INHIBITED (err=OUT_OF_RANGE)
[2026-05-06 23:28:11.934] EAC: INHIBITED -> AVAILABLE (err=OUT_OF_RANGE)
[2026-05-06 23:28:11.975] EAC: AVAILABLE -> INHIBITED (err=OUT_OF_RANGE)
[2026-05-06 23:28:24.253] EAC: INHIBITED -> AVAILABLE (err=OUT_OF_RANGE)
[2026-05-06 23:28:24.293] EAC: AVAILABLE -> INHIBITED (err=OUT_OF_RANGE)
[2026-05-06 23:28:24.813] EAC: INHIBITED -> AVAILABLE (err=OUT_OF_RANGE)
[2026-05-06 23:28:24.854] EAC: AVAILABLE -> INHIBITED (err=OUT_OF_RANGE)
[2026-05-06 23:28:24.974] EAC: INHIBITED -> AVAILABLE (err=OUT_OF_RANGE)
[2026-05-06 23:28:25.013] EAC: AVAILABLE -> INHIBITED (err=OUT_OF_RANGE)
[2026-05-06 23:28:25.134] EAC: INHIBITED -> AVAILABLE (err=OUT_OF_RANGE)
[2026-05-06 23:28:25.254] EAC: AVAILABLE -> INHIBITED (err=OUT_OF_RANGE)
[2026-05-06 23:28:25.374] EAC: INHIBITED -> AVAILABLE (err=OUT_OF_RANGE)
[2026-05-06 23:28:25.414] EAC: AVAILABLE -> INHIBITED (err=OUT_OF_RANGE)
[2026-05-06 23:28:25.454] EAC: INHIBITED -> AVAILABLE (err=OUT_OF_RANGE)
[2026-05-06 23:28:25.654] EAC: AVAILABLE -> INHIBITED (err=OUT_OF_RANGE)
[2026-05-06 23:28:25.694] EAC: INHIBITED -> AVAILABLE (err=OUT_OF_RANGE)
[2026-05-06 23:28:25.774] EAC: AVAILABLE -> INHIBITED (err=OUT_OF_RANGE)
[2026-05-06 23:28:25.854] EAC: INHIBITED -> AVAILABLE (err=OUT_OF_RANGE)
[2026-05-06 23:28:25.974] EAC: AVAILABLE -> INHIBITED (err=OUT_OF_RANGE)
[2026-05-06 23:28:26.014] EAC: INHIBITED -> AVAILABLE (err=OUT_OF_RANGE)
[2026-05-06 23:28:26.054] EAC: AVAILABLE -> INHIBITED (err=OUT_OF_RANGE)
[2026-05-06 23:28:26.094] EAC: INHIBITED -> AVAILABLE (err=OUT_OF_RANGE)
[2026-05-06 23:28:26.294] EAC: AVAILABLE -> INHIBITED (err=OUT_OF_RANGE)
[2026-05-06 23:28:26.374] EAC: INHIBITED -> AVAILABLE (err=OUT_OF_RANGE)
[2026-05-06 23:28:26.614] EAC: AVAILABLE -> INHIBITED (err=OUT_OF_RANGE)
[2026-05-06 23:28:26.654] EAC: INHIBITED -> AVAILABLE (err=OUT_OF_RANGE)
[2026-05-06 23:28:26.934] EAC: AVAILABLE -> INHIBITED (err=OUT_OF_RANGE)
[2026-05-06 23:28:26.974] EAC: INHIBITED -> AVAILABLE (err=OUT_OF_RANGE)
[2026-05-06 23:28:27.254] EAC: AVAILABLE -> INHIBITED (err=OUT_OF_RANGE)
[2026-05-06 23:28:27.294] EAC: INHIBITED -> AVAILABLE (err=OUT_OF_RANGE)
[2026-05-06 23:28:27.574] EAC: AVAILABLE -> INHIBITED (err=OUT_OF_RANGE)
[2026-05-06 23:28:27.614] EAC: INHIBITED -> AVAILABLE (err=OUT_OF_RANGE)
[2026-05-06 23:28:27.895] EAC: AVAILABLE -> INHIBITED (err=OUT_OF_RANGE)
[2026-05-06 23:28:27.935] EAC: INHIBITED -> AVAILABLE (err=OUT_OF_RANGE)
[2026-05-06 23:28:28.215] EAC: AVAILABLE -> INHIBITED (err=OUT_OF_RANGE)
[2026-05-06 23:28:28.255] EAC: INHIBITED -> AVAILABLE (err=OUT_OF_RANGE)
[2026-05-06 23:28:28.535] EAC: AVAILABLE -> INHIBITED (err=OUT_OF_RANGE)
[2026-05-06 23:28:28.575] EAC: INHIBITED -> AVAILABLE (err=OUT_OF_RANGE)
[2026-05-06 23:28:28.855] EAC: AVAILABLE -> INHIBITED (err=OUT_OF_RANGE)
[2026-05-06 23:28:28.895] EAC: INHIBITED -> AVAILABLE (err=OUT_OF_RANGE)
[2026-05-06 23:28:29.175] EAC: AVAILABLE -> INHIBITED (err=OUT_OF_RANGE)
[2026-05-06 23:28:29.255] EAC: INHIBITED -> AVAILABLE (err=OUT_OF_RANGE)
[2026-05-06 23:28:29.495] EAC: AVAILABLE -> INHIBITED (err=OUT_OF_RANGE)
[2026-05-06 23:28:29.535] EAC: INHIBITED -> AVAILABLE (err=OUT_OF_RANGE)
[2026-05-06 23:28:29.815] EAC: AVAILABLE -> INHIBITED (err=OUT_OF_RANGE)
[2026-05-06 23:28:29.855] EAC: INHIBITED -> AVAILABLE (err=OUT_OF_RANGE)
[2026-05-06 23:28:29.895] EAC: AVAILABLE -> INHIBITED (err=OUT_OF_RANGE)
[2026-05-06 23:28:30.055] EAC: INHIBITED -> AVAILABLE (err=OUT_OF_RANGE)
[2026-05-06 23:28:30.135] EAC: AVAILABLE -> INHIBITED (err=OUT_OF_RANGE)
[2026-05-06 23:28:30.175] EAC: INHIBITED -> AVAILABLE (err=OUT_OF_RANGE)
[2026-05-06 23:28:30.215] EAC: AVAILABLE -> INHIBITED (err=OUT_OF_RANGE)
[2026-05-06 23:28:30.255] EAC: INHIBITED -> AVAILABLE (err=OUT_OF_RANGE)
[2026-05-06 23:28:30.295] EAC: AVAILABLE -> INHIBITED (err=OUT_OF_RANGE)
[2026-05-06 23:28:30.335] EAC: INHIBITED -> AVAILABLE (err=OUT_OF_RANGE)
[2026-05-06 23:28:30.375] EAC: AVAILABLE -> INHIBITED (err=OUT_OF_RANGE)
[2026-05-06 23:28:30.415] EAC: INHIBITED -> AVAILABLE (err=OUT_OF_RANGE)
[2026-05-06 23:28:30.455] EAC: AVAILABLE -> INHIBITED (err=OUT_OF_RANGE)
[2026-05-06 23:28:30.695] EAC: INHIBITED -> AVAILABLE (err=OUT_OF_RANGE)
[2026-05-06 23:28:30.775] EAC: AVAILABLE -> INHIBITED (err=OUT_OF_RANGE)
[2026-05-06 23:28:30.815] EAC: INHIBITED -> AVAILABLE (err=OUT_OF_RANGE)
[2026-05-06 23:28:30.855] EAC: AVAILABLE -> INHIBITED (err=OUT_OF_RANGE)
[2026-05-06 23:28:30.935] EAC: INHIBITED -> AVAILABLE (err=OUT_OF_RANGE)
[2026-05-06 23:28:30.975] EAC: AVAILABLE -> INHIBITED (err=OUT_OF_RANGE)
[2026-05-06 23:28:37.852] EAC: INHIBITED -> AVAILABLE (err=OUT_OF_RANGE)
[2026-05-06 23:28:37.893] EAC: AVAILABLE -> INHIBITED (err=OUT_OF_RANGE)
[2026-05-06 23:28:37.937] EAC: INHIBITED -> AVAILABLE (err=OUT_OF_RANGE)
[2026-05-06 23:28:38.133] EAC: AVAILABLE -> INHIBITED (err=OUT_OF_RANGE)
[2026-05-06 23:28:38.173] EAC: INHIBITED -> AVAILABLE (err=OUT_OF_RANGE)
[2026-05-06 23:28:38.453] EAC: AVAILABLE -> INHIBITED (err=OUT_OF_RANGE)
[2026-05-06 23:28:38.493] EAC: INHIBITED -> AVAILABLE (err=OUT_OF_RANGE)
[2026-05-06 23:28:38.773] EAC: AVAILABLE -> INHIBITED (err=OUT_OF_RANGE)
[2026-05-06 23:28:38.813] EAC: INHIBITED -> AVAILABLE (err=OUT_OF_RANGE)
[2026-05-06 23:28:39.093] EAC: AVAILABLE -> INHIBITED (err=OUT_OF_RANGE)
[2026-05-06 23:28:39.133] EAC: INHIBITED -> AVAILABLE (err=OUT_OF_RANGE)
[2026-05-06 23:28:39.413] EAC: AVAILABLE -> INHIBITED (err=OUT_OF_RANGE)
[2026-05-06 23:28:39.453] EAC: INHIBITED -> AVAILABLE (err=OUT_OF_RANGE)
[2026-05-06 23:28:39.733] EAC: AVAILABLE -> INHIBITED (err=OUT_OF_RANGE)
[2026-05-06 23:28:39.773] EAC: INHIBITED -> AVAILABLE (err=OUT_OF_RANGE)
[2026-05-06 23:28:40.053] EAC: AVAILABLE -> INHIBITED (err=OUT_OF_RANGE)
[2026-05-06 23:28:40.093] EAC: INHIBITED -> AVAILABLE (err=OUT_OF_RANGE)
[2026-05-06 23:28:40.373] EAC: AVAILABLE -> INHIBITED (err=OUT_OF_RANGE)
[2026-05-06 23:28:40.413] EAC: INHIBITED -> AVAILABLE (err=OUT_OF_RANGE)
[2026-05-06 23:28:40.693] EAC: AVAILABLE -> INHIBITED (err=OUT_OF_RANGE)
[2026-05-06 23:28:40.734] EAC: INHIBITED -> AVAILABLE (err=OUT_OF_RANGE)
[2026-05-06 23:28:41.014] EAC: AVAILABLE -> INHIBITED (err=OUT_OF_RANGE)
[2026-05-06 23:28:41.054] EAC: INHIBITED -> AVAILABLE (err=OUT_OF_RANGE)
[2026-05-06 23:28:41.334] EAC: AVAILABLE -> INHIBITED (err=OUT_OF_RANGE)
[2026-05-06 23:28:41.374] EAC: INHIBITED -> AVAILABLE (err=OUT_OF_RANGE)
[2026-05-06 23:28:41.654] EAC: AVAILABLE -> INHIBITED (err=OUT_OF_RANGE)
[2026-05-06 23:28:41.694] EAC: INHIBITED -> AVAILABLE (err=OUT_OF_RANGE)
[2026-05-06 23:28:41.974] EAC: AVAILABLE -> INHIBITED (err=OUT_OF_RANGE)
[2026-05-06 23:28:42.014] EAC: INHIBITED -> AVAILABLE (err=OUT_OF_RANGE)
[2026-05-06 23:28:42.294] EAC: AVAILABLE -> INHIBITED (err=OUT_OF_RANGE)
[2026-05-06 23:28:42.334] EAC: INHIBITED -> AVAILABLE (err=OUT_OF_RANGE)
[2026-05-06 23:28:42.614] EAC: AVAILABLE -> INHIBITED (err=OUT_OF_RANGE)
[2026-05-06 23:28:42.654] EAC: INHIBITED -> AVAILABLE (err=OUT_OF_RANGE)
[2026-05-06 23:28:42.934] EAC: AVAILABLE -> INHIBITED (err=OUT_OF_RANGE)
[2026-05-06 23:28:42.974] EAC: INHIBITED -> AVAILABLE (err=OUT_OF_RANGE)
[2026-05-06 23:28:43.254] EAC: AVAILABLE -> INHIBITED (err=OUT_OF_RANGE)
[2026-05-06 23:28:43.294] EAC: INHIBITED -> AVAILABLE (err=OUT_OF_RANGE)
[2026-05-06 23:28:43.574] EAC: AVAILABLE -> INHIBITED (err=OUT_OF_RANGE)
[2026-05-06 23:28:43.614] EAC: INHIBITED -> AVAILABLE (err=OUT_OF_RANGE)
[2026-05-06 23:28:43.894] EAC: AVAILABLE -> INHIBITED (err=OUT_OF_RANGE)
[2026-05-06 23:28:43.934] EAC: INHIBITED -> AVAILABLE (err=OUT_OF_RANGE)
[2026-05-06 23:28:44.214] EAC: AVAILABLE -> INHIBITED (err=OUT_OF_RANGE)
[2026-05-06 23:28:44.255] EAC: INHIBITED -> AVAILABLE (err=OUT_OF_RANGE)
[2026-05-06 23:28:44.535] EAC: AVAILABLE -> INHIBITED (err=OUT_OF_RANGE)
[2026-05-06 23:28:44.574] EAC: INHIBITED -> AVAILABLE (err=OUT_OF_RANGE)
[2026-05-06 23:28:44.855] EAC: AVAILABLE -> INHIBITED (err=OUT_OF_RANGE)
[2026-05-06 23:28:44.895] EAC: INHIBITED -> AVAILABLE (err=OUT_OF_RANGE)
[2026-05-06 23:28:45.175] EAC: AVAILABLE -> INHIBITED (err=OUT_OF_RANGE)
[2026-05-06 23:28:45.215] EAC: INHIBITED -> AVAILABLE (err=OUT_OF_RANGE)
[2026-05-06 23:28:45.495] EAC: AVAILABLE -> INHIBITED (err=OUT_OF_RANGE)
[2026-05-06 23:28:45.535] EAC: INHIBITED -> AVAILABLE (err=OUT_OF_RANGE)
[2026-05-06 23:28:45.815] EAC: AVAILABLE -> INHIBITED (err=OUT_OF_RANGE)
[2026-05-06 23:28:45.855] EAC: INHIBITED -> AVAILABLE (err=OUT_OF_RANGE)
[2026-05-06 23:28:46.135] EAC: AVAILABLE -> INHIBITED (err=OUT_OF_RANGE)
[2026-05-06 23:28:46.175] EAC: INHIBITED -> AVAILABLE (err=OUT_OF_RANGE)
[2026-05-06 23:28:46.455] EAC: AVAILABLE -> INHIBITED (err=OUT_OF_RANGE)
[2026-05-06 23:28:46.495] EAC: INHIBITED -> AVAILABLE (err=OUT_OF_RANGE)
[2026-05-06 23:28:46.775] EAC: AVAILABLE -> INHIBITED (err=OUT_OF_RANGE)
[2026-05-06 23:28:46.815] EAC: INHIBITED -> AVAILABLE (err=OUT_OF_RANGE)
[2026-05-06 23:28:47.096] EAC: AVAILABLE -> INHIBITED (err=OUT_OF_RANGE)
[2026-05-06 23:28:47.135] EAC: INHIBITED -> AVAILABLE (err=OUT_OF_RANGE)
[2026-05-06 23:28:47.415] EAC: AVAILABLE -> INHIBITED (err=OUT_OF_RANGE)
[2026-05-06 23:28:47.456] EAC: INHIBITED -> AVAILABLE (err=OUT_OF_RANGE)
[2026-05-06 23:28:47.656] EAC: AVAILABLE -> INHIBITED (err=OUT_OF_RANGE)
[2026-05-06 23:28:47.696] EAC: INHIBITED -> AVAILABLE (err=OUT_OF_RANGE)
[2026-05-06 23:28:47.736] EAC: AVAILABLE -> INHIBITED (err=OUT_OF_RANGE)
[2026-05-06 23:28:47.776] EAC: INHIBITED -> AVAILABLE (err=OUT_OF_RANGE)
[2026-05-06 23:28:48.056] EAC: AVAILABLE -> INHIBITED (err=OUT_OF_RANGE)
[2026-05-06 23:28:48.096] EAC: INHIBITED -> AVAILABLE (err=OUT_OF_RANGE)
[2026-05-06 23:28:48.376] EAC: AVAILABLE -> INHIBITED (err=OUT_OF_RANGE)
[2026-05-06 23:28:48.416] EAC: INHIBITED -> AVAILABLE (err=OUT_OF_RANGE)
[2026-05-06 23:28:48.616] EAC: AVAILABLE -> INHIBITED (err=OUT_OF_RANGE)
[2026-05-06 23:28:48.816] EAC: INHIBITED -> AVAILABLE (err=OUT_OF_RANGE)
[2026-05-06 23:28:48.856] EAC: AVAILABLE -> INHIBITED (err=OUT_OF_RANGE)
[2026-05-06 23:28:49.896] EAC: INHIBITED -> AVAILABLE (err=OUT_OF_RANGE)
[2026-05-06 23:28:49.936] EAC: AVAILABLE -> INHIBITED (err=OUT_OF_RANGE)
[2026-05-06 23:28:50.052] EAC: INHIBITED -> AVAILABLE (err=OUT_OF_RANGE)
[2026-05-06 23:28:50.256] EAC: AVAILABLE -> INHIBITED (err=OUT_OF_RANGE)
[2026-05-06 23:28:50.372] EAC: INHIBITED -> AVAILABLE (err=OUT_OF_RANGE)
[2026-05-06 23:28:50.457] EAC: AVAILABLE -> INHIBITED (err=OUT_OF_RANGE)
[2026-05-06 23:28:50.497] EAC: INHIBITED -> AVAILABLE (err=OUT_OF_RANGE)
[2026-05-06 23:28:50.612] EAC: AVAILABLE -> INHIBITED (err=OUT_OF_RANGE)
[2026-05-06 23:28:50.652] EAC: INHIBITED -> AVAILABLE (err=OUT_OF_RANGE)
[2026-05-06 23:28:50.772] EAC: AVAILABLE -> INHIBITED (err=OUT_OF_RANGE)
[2026-05-06 23:28:50.812] EAC: INHIBITED -> AVAILABLE (err=OUT_OF_RANGE)
[2026-05-06 23:28:50.937] EAC: AVAILABLE -> INHIBITED (err=OUT_OF_RANGE)
[2026-05-06 23:28:50.972] EAC: INHIBITED -> AVAILABLE (err=OUT_OF_RANGE)
[2026-05-06 23:28:51.252] EAC: AVAILABLE -> INHIBITED (err=OUT_OF_RANGE)
[2026-05-06 23:28:51.292] EAC: INHIBITED -> AVAILABLE (err=OUT_OF_RANGE)
[2026-05-06 23:28:51.572] EAC: AVAILABLE -> INHIBITED (err=OUT_OF_RANGE)
[2026-05-06 23:28:51.613] EAC: INHIBITED -> AVAILABLE (err=OUT_OF_RANGE)
[2026-05-06 23:28:51.852] EAC: AVAILABLE -> INHIBITED (err=OUT_OF_RANGE)
[2026-05-06 23:28:51.932] EAC: INHIBITED -> AVAILABLE (err=OUT_OF_RANGE)
[2026-05-06 23:28:52.132] EAC: AVAILABLE -> INHIBITED (err=OUT_OF_RANGE)
[2026-05-06 23:28:52.172] EAC: INHIBITED -> AVAILABLE (err=OUT_OF_RANGE)
[2026-05-06 23:28:52.212] EAC: AVAILABLE -> INHIBITED (err=OUT_OF_RANGE)
[2026-05-06 23:28:52.252] EAC: INHIBITED -> AVAILABLE (err=OUT_OF_RANGE)
[2026-05-06 23:28:52.533] EAC: AVAILABLE -> INHIBITED (err=OUT_OF_RANGE)
[2026-05-06 23:28:52.573] EAC: INHIBITED -> AVAILABLE (err=OUT_OF_RANGE)
[2026-05-06 23:28:52.853] EAC: AVAILABLE -> INHIBITED (err=OUT_OF_RANGE)
[2026-05-06 23:28:52.893] EAC: INHIBITED -> AVAILABLE (err=OUT_OF_RANGE)
[2026-05-06 23:28:53.173] EAC: AVAILABLE -> INHIBITED (err=OUT_OF_RANGE)
[2026-05-06 23:28:53.217] EAC: INHIBITED -> AVAILABLE (err=OUT_OF_RANGE)
[2026-05-06 23:28:53.493] EAC: AVAILABLE -> INHIBITED (err=OUT_OF_RANGE)
[2026-05-06 23:28:53.533] EAC: INHIBITED -> AVAILABLE (err=OUT_OF_RANGE)
[2026-05-06 23:28:53.813] EAC: AVAILABLE -> INHIBITED (err=OUT_OF_RANGE)
[2026-05-06 23:28:53.853] EAC: INHIBITED -> AVAILABLE (err=OUT_OF_RANGE)
[2026-05-06 23:28:54.133] EAC: AVAILABLE -> INHIBITED (err=OUT_OF_RANGE)
[2026-05-06 23:28:54.173] EAC: INHIBITED -> AVAILABLE (err=OUT_OF_RANGE)
[2026-05-06 23:28:54.453] EAC: AVAILABLE -> INHIBITED (err=OUT_OF_RANGE)
[2026-05-06 23:28:54.493] EAC: INHIBITED -> AVAILABLE (err=OUT_OF_RANGE)
[2026-05-06 23:28:54.773] EAC: AVAILABLE -> INHIBITED (err=OUT_OF_RANGE)
[2026-05-06 23:28:54.818] EAC: INHIBITED -> AVAILABLE (err=OUT_OF_RANGE)
[2026-05-06 23:28:55.093] EAC: AVAILABLE -> INHIBITED (err=OUT_OF_RANGE)
[2026-05-06 23:28:55.133] EAC: INHIBITED -> AVAILABLE (err=OUT_OF_RANGE)
[2026-05-06 23:28:55.413] EAC: AVAILABLE -> INHIBITED (err=OUT_OF_RANGE)
[2026-05-06 23:28:55.453] EAC: INHIBITED -> AVAILABLE (err=OUT_OF_RANGE)
[2026-05-06 23:28:55.733] EAC: AVAILABLE -> INHIBITED (err=OUT_OF_RANGE)
[2026-05-06 23:28:55.773] EAC: INHIBITED -> AVAILABLE (err=OUT_OF_RANGE)
[2026-05-06 23:28:56.058] EAC: AVAILABLE -> INHIBITED (err=OUT_OF_RANGE)
[2026-05-06 23:28:56.094] EAC: INHIBITED -> AVAILABLE (err=OUT_OF_RANGE)
[2026-05-06 23:28:56.374] EAC: AVAILABLE -> INHIBITED (err=OUT_OF_RANGE)
[2026-05-06 23:28:56.414] EAC: INHIBITED -> AVAILABLE (err=OUT_OF_RANGE)
[2026-05-06 23:28:56.694] EAC: AVAILABLE -> INHIBITED (err=OUT_OF_RANGE)
[2026-05-06 23:28:56.739] EAC: INHIBITED -> AVAILABLE (err=OUT_OF_RANGE)
[2026-05-06 23:28:57.014] EAC: AVAILABLE -> INHIBITED (err=OUT_OF_RANGE)
[2026-05-06 23:28:57.054] EAC: INHIBITED -> AVAILABLE (err=OUT_OF_RANGE)
[2026-05-06 23:28:57.334] EAC: AVAILABLE -> INHIBITED (err=OUT_OF_RANGE)
[2026-05-06 23:28:57.374] EAC: INHIBITED -> AVAILABLE (err=OUT_OF_RANGE)
[2026-05-06 23:28:57.654] EAC: AVAILABLE -> INHIBITED (err=OUT_OF_RANGE)
[2026-05-06 23:28:57.694] EAC: INHIBITED -> AVAILABLE (err=OUT_OF_RANGE)
[2026-05-06 23:28:57.979] EAC: AVAILABLE -> INHIBITED (err=OUT_OF_RANGE)
[2026-05-06 23:28:58.014] EAC: INHIBITED -> AVAILABLE (err=OUT_OF_RANGE)
[2026-05-06 23:28:58.294] EAC: AVAILABLE -> INHIBITED (err=OUT_OF_RANGE)
[2026-05-06 23:28:58.334] EAC: INHIBITED -> AVAILABLE (err=OUT_OF_RANGE)
[2026-05-06 23:28:58.614] EAC: AVAILABLE -> INHIBITED (err=OUT_OF_RANGE)
[2026-05-06 23:28:58.654] EAC: INHIBITED -> AVAILABLE (err=OUT_OF_RANGE)
[2026-05-06 23:28:58.935] EAC: AVAILABLE -> INHIBITED (err=OUT_OF_RANGE)
[2026-05-06 23:28:58.974] EAC: INHIBITED -> AVAILABLE (err=OUT_OF_RANGE)
[2026-05-06 23:28:59.254] EAC: AVAILABLE -> INHIBITED (err=OUT_OF_RANGE)
[2026-05-06 23:28:59.295] EAC: INHIBITED -> AVAILABLE (err=OUT_OF_RANGE)
[2026-05-06 23:28:59.575] EAC: AVAILABLE -> INHIBITED (err=OUT_OF_RANGE)
[2026-05-06 23:28:59.615] EAC: INHIBITED -> AVAILABLE (err=OUT_OF_RANGE)
[2026-05-06 23:28:59.895] EAC: AVAILABLE -> INHIBITED (err=OUT_OF_RANGE)
[2026-05-06 23:28:59.935] EAC: INHIBITED -> AVAILABLE (err=OUT_OF_RANGE)
[2026-05-06 23:29:00.215] EAC: AVAILABLE -> INHIBITED (err=OUT_OF_RANGE)
[2026-05-06 23:29:00.255] EAC: INHIBITED -> AVAILABLE (err=OUT_OF_RANGE)
[2026-05-06 23:29:00.535] EAC: AVAILABLE -> INHIBITED (err=OUT_OF_RANGE)
[2026-05-06 23:29:00.575] EAC: INHIBITED -> AVAILABLE (err=OUT_OF_RANGE)
[2026-05-06 23:29:00.695] EAC: AVAILABLE -> INHIBITED (err=OUT_OF_RANGE)
[2026-05-06 23:29:00.735] EAC: INHIBITED -> AVAILABLE (err=OUT_OF_RANGE)
[2026-05-06 23:29:00.815] EAC: AVAILABLE -> INHIBITED (err=OUT_OF_RANGE)
[2026-05-06 23:29:00.935] EAC: INHIBITED -> AVAILABLE (err=OUT_OF_RANGE)
[2026-05-06 23:29:01.095] EAC: AVAILABLE -> INHIBITED (err=OUT_OF_RANGE)
[2026-05-06 23:29:01.135] EAC: INHIBITED -> AVAILABLE (err=OUT_OF_RANGE)
[2026-05-06 23:29:01.175] EAC: AVAILABLE -> INHIBITED (err=OUT_OF_RANGE)
[2026-05-06 23:29:01.215] EAC: INHIBITED -> AVAILABLE (err=OUT_OF_RANGE)
[2026-05-06 23:29:01.295] EAC: AVAILABLE -> INHIBITED (err=OUT_OF_RANGE)
[2026-05-06 23:29:01.415] EAC: INHIBITED -> AVAILABLE (err=OUT_OF_RANGE)
[2026-05-06 23:29:01.455] EAC: AVAILABLE -> INHIBITED (err=OUT_OF_RANGE)
[2026-05-06 23:29:01.695] EAC: INHIBITED -> AVAILABLE (err=OUT_OF_RANGE)
[2026-05-06 23:29:01.735] EAC: AVAILABLE -> INHIBITED (err=OUT_OF_RANGE)
[2026-05-06 23:29:01.775] EAC: INHIBITED -> AVAILABLE (err=OUT_OF_RANGE)
[2026-05-06 23:29:01.815] EAC: AVAILABLE -> INHIBITED (err=OUT_OF_RANGE)
[2026-05-06 23:29:02.056] EAC: INHIBITED -> AVAILABLE (err=OUT_OF_RANGE)
[2026-05-06 23:29:02.096] EAC: AVAILABLE -> INHIBITED (err=OUT_OF_RANGE)
[2026-05-06 23:29:02.256] EAC: INHIBITED -> AVAILABLE (err=OUT_OF_RANGE)
[2026-05-06 23:29:02.295] EAC: AVAILABLE -> INHIBITED (err=OUT_OF_RANGE)
[2026-05-06 23:29:02.415] EAC: INHIBITED -> AVAILABLE (err=OUT_OF_RANGE)
[2026-05-06 23:29:02.455] EAC: AVAILABLE -> INHIBITED (err=OUT_OF_RANGE)
[2026-05-06 23:29:02.576] EAC: INHIBITED -> AVAILABLE (err=OUT_OF_RANGE)
[2026-05-06 23:29:02.655] EAC: AVAILABLE -> INHIBITED (err=OUT_OF_RANGE)
[2026-05-06 23:29:02.856] EAC: INHIBITED -> AVAILABLE (err=OUT_OF_RANGE)
[2026-05-06 23:29:02.936] EAC: AVAILABLE -> INHIBITED (err=OUT_OF_RANGE)
[2026-05-06 23:29:03.016] EAC: INHIBITED -> AVAILABLE (err=OUT_OF_RANGE)
[2026-05-06 23:29:03.056] EAC: AVAILABLE -> INHIBITED (err=OUT_OF_RANGE)
[2026-05-06 23:29:03.136] EAC: INHIBITED -> AVAILABLE (err=OUT_OF_RANGE)
[2026-05-06 23:29:03.176] EAC: AVAILABLE -> INHIBITED (err=OUT_OF_RANGE)
[2026-05-06 23:29:03.216] EAC: INHIBITED -> AVAILABLE (err=OUT_OF_RANGE)
[2026-05-06 23:29:03.416] EAC: AVAILABLE -> INHIBITED (err=OUT_OF_RANGE)
[2026-05-06 23:29:03.456] EAC: INHIBITED -> AVAILABLE (err=OUT_OF_RANGE)
[2026-05-06 23:29:03.736] EAC: AVAILABLE -> INHIBITED (err=OUT_OF_RANGE)
[2026-05-06 23:29:03.776] EAC: INHIBITED -> AVAILABLE (err=OUT_OF_RANGE)
[2026-05-06 23:29:03.896] EAC: AVAILABLE -> INHIBITED (err=OUT_OF_RANGE)
[2026-05-06 23:29:03.936] EAC: INHIBITED -> AVAILABLE (err=OUT_OF_RANGE)
[2026-05-06 23:29:04.056] EAC: AVAILABLE -> INHIBITED (err=OUT_OF_RANGE)
[2026-05-06 23:29:04.176] EAC: INHIBITED -> AVAILABLE (err=OUT_OF_RANGE)
[2026-05-06 23:29:04.336] EAC: AVAILABLE -> INHIBITED (err=OUT_OF_RANGE)
[2026-05-06 23:29:04.416] EAC: INHIBITED -> AVAILABLE (err=OUT_OF_RANGE)
[2026-05-06 23:29:04.496] EAC: AVAILABLE -> INHIBITED (err=OUT_OF_RANGE)
[2026-05-06 23:29:04.536] EAC: INHIBITED -> AVAILABLE (err=OUT_OF_RANGE)
[2026-05-06 23:29:04.576] EAC: AVAILABLE -> INHIBITED (err=OUT_OF_RANGE)
[2026-05-06 23:29:04.616] EAC: INHIBITED -> AVAILABLE (err=OUT_OF_RANGE)
[2026-05-06 23:29:04.656] EAC: AVAILABLE -> INHIBITED (err=OUT_OF_RANGE)
[2026-05-06 23:29:04.736] EAC: INHIBITED -> AVAILABLE (err=OUT_OF_RANGE)
[2026-05-06 23:29:04.776] EAC: AVAILABLE -> INHIBITED (err=OUT_OF_RANGE)
[2026-05-06 23:29:04.816] EAC: INHIBITED -> AVAILABLE (err=OUT_OF_RANGE)
[2026-05-06 23:29:04.856] EAC: AVAILABLE -> INHIBITED (err=OUT_OF_RANGE)
[2026-05-06 23:29:04.896] EAC: INHIBITED -> AVAILABLE (err=OUT_OF_RANGE)
[2026-05-06 23:29:04.936] EAC: AVAILABLE -> INHIBITED (err=OUT_OF_RANGE)
[2026-05-06 23:29:05.096] EAC: INHIBITED -> AVAILABLE (err=OUT_OF_RANGE)
[2026-05-06 23:29:05.136] EAC: AVAILABLE -> INHIBITED (err=OUT_OF_RANGE)
[2026-05-06 23:29:05.256] EAC: INHIBITED -> AVAILABLE (err=OUT_OF_RANGE)
[2026-05-06 23:29:05.296] EAC: AVAILABLE -> INHIBITED (err=OUT_OF_RANGE)
[2026-05-06 23:29:05.537] EAC: INHIBITED -> AVAILABLE (err=OUT_OF_RANGE)
[2026-05-06 23:29:05.576] EAC: AVAILABLE -> INHIBITED (err=OUT_OF_RANGE)
[2026-05-06 23:29:05.817] EAC: INHIBITED -> AVAILABLE (err=OUT_OF_RANGE)
[2026-05-06 23:29:05.856] EAC: AVAILABLE -> INHIBITED (err=OUT_OF_RANGE)
[2026-05-06 23:29:06.097] EAC: INHIBITED -> AVAILABLE (err=OUT_OF_RANGE)
[2026-05-06 23:29:06.137] EAC: AVAILABLE -> INHIBITED (err=OUT_OF_RANGE)
[2026-05-06 23:29:06.377] EAC: INHIBITED -> AVAILABLE (err=OUT_OF_RANGE)
[2026-05-06 23:29:06.417] EAC: AVAILABLE -> INHIBITED (err=OUT_OF_RANGE)
[2026-05-06 23:29:06.457] EAC: INHIBITED -> AVAILABLE (err=OUT_OF_RANGE)
[2026-05-06 23:29:06.497] EAC: AVAILABLE -> INHIBITED (err=OUT_OF_RANGE)
[2026-05-06 23:29:11.295] EAC: INHIBITED -> AVAILABLE (err=OUT_OF_RANGE)
[2026-05-06 23:29:11.336] EAC: AVAILABLE -> INHIBITED (err=OUT_OF_RANGE)
[2026-05-06 23:29:12.296] EAC: INHIBITED -> AVAILABLE (err=OUT_OF_RANGE)
[2026-05-06 23:29:12.336] EAC: AVAILABLE -> INHIBITED (err=OUT_OF_RANGE)
[2026-05-06 23:29:12.420] EAC: INHIBITED -> AVAILABLE (err=OUT_OF_RANGE)
[2026-05-06 23:29:12.455] EAC: AVAILABLE -> INHIBITED (err=OUT_OF_RANGE)
[2026-05-06 23:29:17.577] EAC: INHIBITED -> AVAILABLE (err=OUT_OF_RANGE)
[2026-05-06 23:29:17.617] EAC: AVAILABLE -> INHIBITED (err=OUT_OF_RANGE)
[2026-05-06 23:29:18.017] EAC: INHIBITED -> AVAILABLE (err=OUT_OF_RANGE)
[2026-05-06 23:29:18.057] EAC: AVAILABLE -> INHIBITED (err=OUT_OF_RANGE)
[2026-05-06 23:29:18.814] EAC: INHIBITED -> AVAILABLE (err=OUT_OF_RANGE)
[2026-05-06 23:29:18.864] EAC: AVAILABLE -> INHIBITED (err=OUT_OF_RANGE)
[2026-05-06 23:29:36.899] manual flush requested
[2026-05-06 23:29:39.564] E-STOP: disconnect requested
[2026-05-06 23:29:39.569] CAN closed
[2026-05-06 23:29:39.569] disconnect; closing log
