[2026-05-08 19:34:10.779] session start (20260508_193410)
[2026-05-08 19:34:11.022] CAN open: SYS TEC dev=0 ch=0 500 kbps
[2026-05-08 19:34:11.022] keepalive plan: GTW=False EPB=True 30MPH=False
[2026-05-08 19:34:11.026] err -> OUT_OF_RANGE
[2026-05-08 19:34:11.085] EAC: INHIBITED -> AVAILABLE (err=OUT_OF_RANGE)
[2026-05-08 19:34:15.534] shift requested: N
[2026-05-08 19:34:15.549] SHIFT: requesting N via 0x6D burst (30 active + 10 idle frames at 200 Hz)
[2026-05-08 19:34:15.582] gear: P -> N
[2026-05-08 19:34:15.949] SHIFT post-burst gear: N (requested N)
[2026-05-08 19:34:20.069] shift requested: R
[2026-05-08 19:34:20.071] SHIFT: requesting R via 0x6D burst (30 active + 10 idle frames at 200 Hz)
[2026-05-08 19:34:20.103] gear: N -> R
[2026-05-08 19:34:20.471] SHIFT post-burst gear: R (requested R)
[2026-05-08 19:34:22.832] shift requested: D
[2026-05-08 19:34:22.848] SHIFT: requesting D via 0x6D burst (30 active + 10 idle frames at 200 Hz)
[2026-05-08 19:34:23.148] gear: R -> D
[2026-05-08 19:34:23.248] SHIFT post-burst gear: D (requested D)
[2026-05-08 19:34:24.875] shift requested: P
[2026-05-08 19:34:24.889] SHIFT: requesting P via 0x6D burst (30 active + 10 idle frames at 200 Hz)
[2026-05-08 19:34:25.268] gear: D -> P
[2026-05-08 19:34:25.288] SHIFT post-burst gear: P (requested P)
[2026-05-08 19:34:30.809] EAC: AVAILABLE -> ACTIVE (err=NONE)
[2026-05-08 19:34:33.050] mode change: keyboard
[2026-05-08 19:35:08.127] EAC: ACTIVE -> AVAILABLE (err=NONE)
[2026-05-08 19:35:50.978] EAC: AVAILABLE -> INHIBITED (err=HANDS_ON)
[2026-05-08 19:35:50.978] err -> HANDS_ON
[2026-05-08 19:35:53.098] EAC: INHIBITED -> AVAILABLE (err=HANDS_ON)
[2026-05-08 19:35:55.529] EAC: AVAILABLE -> INHIBITED (err=HANDS_ON)
[2026-05-08 19:35:56.779] EAC: INHIBITED -> AVAILABLE (err=HANDS_ON)
[2026-05-08 19:35:59.529] EAC: AVAILABLE -> INHIBITED (err=HANDS_ON)
[2026-05-08 19:36:00.379] EAC: INHIBITED -> AVAILABLE (err=HANDS_ON)
[2026-05-08 19:36:00.579] EAC: AVAILABLE -> INHIBITED (err=HANDS_ON)
[2026-05-08 19:36:02.499] EAC: INHIBITED -> AVAILABLE (err=HANDS_ON)
[2026-05-08 19:36:04.729] EAC: AVAILABLE -> INHIBITED (err=HANDS_ON)
[2026-05-08 19:36:05.330] EAC: INHIBITED -> AVAILABLE (err=HANDS_ON)
[2026-05-08 19:36:05.780] EAC: AVAILABLE -> INHIBITED (err=HANDS_ON)
[2026-05-08 19:36:06.260] EAC: INHIBITED -> AVAILABLE (err=HANDS_ON)
[2026-05-08 19:36:06.529] EAC: AVAILABLE -> INHIBITED (err=HANDS_ON)
[2026-05-08 19:36:07.861] EAC: INHIBITED -> AVAILABLE (err=HANDS_ON)
[2026-05-08 19:36:08.700] EAC: AVAILABLE -> INHIBITED (err=HANDS_ON)
[2026-05-08 19:36:09.700] EAC: INHIBITED -> AVAILABLE (err=HANDS_ON)
[2026-05-08 19:36:28.763] brake: released
[2026-05-08 19:36:35.330] EAC: AVAILABLE -> INHIBITED (err=HANDS_ON)
[2026-05-08 19:36:37.644] E-STOP: no 0x370 for 513 ms
[2026-05-08 19:37:00.066] CAN closed
[2026-05-08 19:37:00.066] disconnect; closing log
